// Jest Snapshot v1, https://goo.gl/fbAQLP

exports[`The FilterRanges component has been rendered as expected. 1`] = `
<div
  className="ranges-wrapper"
>
  <div
    className="range-group"
  >
    <div
      className="range-check"
    >
      <input
        id="Wood"
        name="useWood"
        type="checkbox"
      />
      <label
        htmlFor="Wood"
      >
        Wood
      </label>
    </div>
    <div
      className="range-slider"
    >
      <input
        disabled={true}
        id="WoodRange"
        max="200"
        min="0"
        onMouseDown={[Function]}
        onMouseUp={[Function]}
        onTouchEnd={[Function]}
        onTouchStart={[Function]}
        step="1"
        type="range"
      />
      <label
        htmlFor="WoodRange"
      >
        <svg
          fill="none"
          height="1em"
          stroke="currentColor"
          strokeLinecap="round"
          strokeLinejoin="round"
          strokeWidth="2"
          style={
            Object {
              "color": undefined,
            }
          }
          viewBox="0 0 24 24"
          width="1em"
          xmlns="http://www.w3.org/2000/svg"
        >
          <circle
            cx="12"
            cy="12"
            r="10"
          />
          <line
            x1="12"
            x2="12"
            y1="16"
            y2="12"
          />
          <line
            x1="12"
            x2="12.01"
            y1="8"
            y2="8"
          />
        </svg>
        <span>
          0 - undefined
        </span>
      </label>
    </div>
  </div>
  <div
    className="range-group"
  >
    <div
      className="range-check"
    >
      <input
        id="Food"
        name="useFood"
        type="checkbox"
      />
      <label
        htmlFor="Food"
      >
        Food
      </label>
    </div>
    <div
      className="range-slider"
    >
      <input
        disabled={true}
        id="FoodRange"
        max="200"
        min="0"
        onMouseDown={[Function]}
        onMouseUp={[Function]}
        onTouchEnd={[Function]}
        onTouchStart={[Function]}
        step="1"
        type="range"
      />
      <label
        htmlFor="FoodRange"
      >
        <svg
          fill="none"
          height="1em"
          stroke="currentColor"
          strokeLinecap="round"
          strokeLinejoin="round"
          strokeWidth="2"
          style={
            Object {
              "color": undefined,
            }
          }
          viewBox="0 0 24 24"
          width="1em"
          xmlns="http://www.w3.org/2000/svg"
        >
          <circle
            cx="12"
            cy="12"
            r="10"
          />
          <line
            x1="12"
            x2="12"
            y1="16"
            y2="12"
          />
          <line
            x1="12"
            x2="12.01"
            y1="8"
            y2="8"
          />
        </svg>
        <span>
          0 - undefined
        </span>
      </label>
    </div>
  </div>
  <div
    className="range-group"
  >
    <div
      className="range-check"
    >
      <input
        id="Gold"
        name="useGold"
        type="checkbox"
      />
      <label
        htmlFor="Gold"
      >
        Gold
      </label>
    </div>
    <div
      className="range-slider"
    >
      <input
        disabled={true}
        id="GoldRange"
        max="200"
        min="0"
        onMouseDown={[Function]}
        onMouseUp={[Function]}
        onTouchEnd={[Function]}
        onTouchStart={[Function]}
        step="1"
        type="range"
      />
      <label
        htmlFor="GoldRange"
      >
        <svg
          fill="none"
          height="1em"
          stroke="currentColor"
          strokeLinecap="round"
          strokeLinejoin="round"
          strokeWidth="2"
          style={
            Object {
              "color": undefined,
            }
          }
          viewBox="0 0 24 24"
          width="1em"
          xmlns="http://www.w3.org/2000/svg"
        >
          <circle
            cx="12"
            cy="12"
            r="10"
          />
          <line
            x1="12"
            x2="12"
            y1="16"
            y2="12"
          />
          <line
            x1="12"
            x2="12.01"
            y1="8"
            y2="8"
          />
        </svg>
        <span>
          0 - undefined
        </span>
      </label>
    </div>
  </div>
</div>
`;
